// Jest Snapshot v1, https://goo.gl/fbAQLP

exports[`ChangePageButton renders 1`] = `
<button
  className="ChangePageButtonStyles__Button-ws550g-0 famkUL"
>
  change page
</button>
`;
