// Jest Snapshot v1, https://goo.gl/fbAQLP

exports[`FormTitle should render correctly 1`] = `
ShallowWrapper {
  Symbol(enzyme.__root__): [Circular],
  Symbol(enzyme.__unrendered__): <FormTitle />,
  Symbol(enzyme.__renderer__): Object {
    "batchedUpdates": [Function],
    "getNode": [Function],
    "render": [Function],
    "simulateError": [Function],
    "simulateEvent": [Function],
    "unmount": [Function],
  },
  Symbol(enzyme.__node__): Object {
    "instance": null,
    "key": undefined,
    "nodeType": "function",
    "props": Object {
      "children": undefined,
    },
    "ref": null,
    "rendered": null,
    "type": Object {
      "$$typeof": Symbol(react.forward_ref),
      "attrs": Array [],
      "componentStyle": ComponentStyle {
        "componentId": "FormTitleStyles__H2-sc-10gmsuy-0",
        "isStatic": true,
        "rules": Array [
          "grid-area:2 / 2 / 3 / 3;font-size:18px;color:white;width:auto;height:auto;",
        ],
      },
      "displayName": "H2",
      "foldedComponentIds": Array [],
      "render": [Function],
      "styledComponentId": "FormTitleStyles__H2-sc-10gmsuy-0",
      "target": "h2",
      "toString": [Function],
      "warnTooManyClasses": [Function],
      "withComponent": [Function],
    },
  },
  Symbol(enzyme.__nodes__): Array [
    Object {
      "instance": null,
      "key": undefined,
      "nodeType": "function",
      "props": Object {
        "children": undefined,
      },
      "ref": null,
      "rendered": null,
      "type": Object {
        "$$typeof": Symbol(react.forward_ref),
        "attrs": Array [],
        "componentStyle": ComponentStyle {
          "componentId": "FormTitleStyles__H2-sc-10gmsuy-0",
          "isStatic": true,
          "rules": Array [
            "grid-area:2 / 2 / 3 / 3;font-size:18px;color:white;width:auto;height:auto;",
          ],
        },
        "displayName": "H2",
        "foldedComponentIds": Array [],
        "render": [Function],
        "styledComponentId": "FormTitleStyles__H2-sc-10gmsuy-0",
        "target": "h2",
        "toString": [Function],
        "warnTooManyClasses": [Function],
        "withComponent": [Function],
      },
    },
  ],
  Symbol(enzyme.__options__): Object {
    "adapter": ReactSixteenAdapter {
      "options": Object {
        "enableComponentDidUpdateOnSetState": true,
        "lifecycles": Object {
          "componentDidUpdate": Object {
            "onSetState": true,
          },
          "getDerivedStateFromProps": true,
          "getSnapshotBeforeUpdate": true,
          "setState": Object {
            "skipsComponentDidUpdateOnNullish": true,
          },
        },
      },
    },
  },
}
`;
